[www.google-analytics.com/analytics.js]
[backblue.gif]
[fade.gif]
[index.html]
[clapat.ro/themes/hervin/favicon.ico]
[clapat.ro/themes/hervin/images/logo.png]
[clapat.ro/themes/hervin/images/logo-white.png]
[clapat.ro/themes/hervin/js/jquery.min.js]
[cdnjs.cloudflare.com/ajax/libs/ScrollMagic/2.0.5/ScrollMagic.min.js]
[cdnjs.cloudflare.com/ajax/libs/ScrollMagic/2.0.5/plugins/debug.addIndicators.min.js]
[cdnjs.cloudflare.com/ajax/libs/ScrollMagic/2.0.5/plugins/animation.gsap.min.js]
[clapat.ro/themes/hervin/js/plugins.js]
[clapat.ro/themes/hervin/index.html]
[clapat.ro/themes/hervin/js/scripts.js]
[fonts.googleapis.com/css1fc5.css]
[fonts.googleapis.com/css79d8.css]
[clapat.ro/themes/hervin/carousel.html]
[clapat.ro/themes/hervin/portfolio.html]
[clapat.ro/themes/hervin/index-classic.html]
[clapat.ro/themes/hervin/images/client-01.png]
[clapat.ro/themes/hervin/images/client-02.png]
[clapat.ro/themes/hervin/images/client-03.png]
[clapat.ro/themes/hervin/images/client-04.png]
[clapat.ro/themes/hervin/images/client-05.png]
[clapat.ro/themes/hervin/images/client-06.png]
[clapat.ro/themes/hervin/images/client-07.png]
[clapat.ro/themes/hervin/about.html]
[clapat.ro/themes/hervin/contact.html]
[clapat.ro/themes/hervin/images/client-08.png]
[clapat.ro/themes/hervin/images/01hero.jpg]
[clapat.ro/themes/hervin/images/projects/sn01.jpg]
[clapat.ro/themes/hervin/images/projects/sn02.jpg]
[clapat.ro/themes/hervin/images/02hero.jpg]
[clapat.ro/themes/hervin/project01.html]
[clapat.ro/themes/hervin/images/projects/ev03.jpg]
[clapat.ro/themes/hervin/images/projects/ev05.jpg]
[clapat.ro/themes/hervin/images/projects/ev06.jpg]
[clapat.ro/themes/hervin/images/projects/ev07.jpg]
[clapat.ro/themes/hervin/images/projects/ev08.jpg]
[clapat.ro/themes/hervin/images/projects/ev09.jpg]
[clapat.ro/themes/hervin/images/projects/ev04.jpg]
[clapat.ro/themes/hervin/images/03hero.jpg]
[clapat.ro/themes/hervin/project02.html]
[clapat.ro/themes/hervin/images/projects/rr01.jpg]
[clapat.ro/themes/hervin/images/projects/rr02.jpg]
[clapat.ro/themes/hervin/images/projects/rr03.jpg]
[clapat.ro/themes/hervin/images/projects/rr04.jpg]
[clapat.ro/themes/hervin/images/projects/rr05.jpg]
[clapat.ro/themes/hervin/images/projects/rr06.jpg]
[clapat.ro/themes/hervin/images/projects/rr07.jpg]
[clapat.ro/themes/hervin/images/04hero.jpg]
[clapat.ro/themes/hervin/project03.html]
[clapat.ro/themes/hervin/images/projects/video-cover.jpg]
[clapat.ro/themes/hervin/images/projects/od01.jpg]
[clapat.ro/themes/hervin/images/projects/od02.jpg]
[clapat.ro/themes/hervin/project04.html]
[clapat.ro/themes/hervin/images/05hero.jpg]
[clapat.ro/themes/hervin/images/projects/fh01.jpg]
[clapat.ro/themes/hervin/images/projects/fh02.jpg]
[clapat.ro/themes/hervin/images/projects/fh03.jpg]
[clapat.ro/themes/hervin/images/projects/fh04.jpg]
[clapat.ro/themes/hervin/images/projects/fh05.jpg]
[clapat.ro/themes/hervin/images/projects/fh06.jpg]
[clapat.ro/themes/hervin/images/projects/fh07.jpg]
[clapat.ro/themes/hervin/images/projects/fh08.jpg]
[clapat.ro/themes/hervin/images/projects/fh09.jpg]
[clapat.ro/themes/hervin/images/projects/fh10.jpg]
[clapat.ro/themes/hervin/images/projects/fh11.jpg]
[clapat.ro/themes/hervin/images/06hero.jpg]
[clapat.ro/themes/hervin/project05.html]
[clapat.ro/themes/hervin/images/projects/bb01.jpg]
[clapat.ro/themes/hervin/images/projects/bb02.jpg]
[clapat.ro/themes/hervin/images/projects/bb03.jpg]
[clapat.ro/themes/hervin/images/projects/bb04.jpg]
[clapat.ro/themes/hervin/images/projects/bb05.jpg]
[clapat.ro/themes/hervin/images/projects/bb06.jpg]
[clapat.ro/themes/hervin/images/projects/bb07.jpg]
[clapat.ro/themes/hervin/images/07hero.jpg]
[clapat.ro/themes/hervin/project06.html]
[clapat.ro/themes/hervin/images/projects/hn01.jpg]
[clapat.ro/themes/hervin/images/projects/hn02.jpg]
[clapat.ro/themes/hervin/images/projects/hn03.jpg]
[clapat.ro/themes/hervin/images/projects/hn04.jpg]
[clapat.ro/themes/hervin/images/08hero.jpg]
[clapat.ro/themes/hervin/project07.html]
[clapat.ro/themes/hervin/images/projects/cb01.jpg]
[clapat.ro/themes/hervin/images/projects/cb02.jpg]
[clapat.ro/themes/hervin/images/projects/cb03.jpg]
[clapat.ro/themes/hervin/images/projects/cb04.jpg]
[clapat.ro/themes/hervin/images/projects/cb05.jpg]
[clapat.ro/themes/hervin/images/09hero.jpg]
[clapat.ro/themes/hervin/project08.html]
[clapat.ro/themes/hervin/images/projects/rb01.jpg]
[clapat.ro/themes/hervin/images/projects/rb02.jpg]
[clapat.ro/themes/hervin/images/projects/rb03.jpg]
[clapat.ro/themes/hervin/images/projects/rb04.jpg]
[clapat.ro/themes/hervin/images/10hero.jpg]
[clapat.ro/themes/hervin/project09.html]
[clapat.ro/themes/hervin/images/projects/cd01.jpg]
[clapat.ro/themes/hervin/images/projects/cd03.jpg]
[clapat.ro/themes/hervin/images/projects/cd04.jpg]
[clapat.ro/themes/hervin/images/projects/cd02.jpg]
[clapat.ro/themes/hervin/images/11hero.jpg]
[clapat.ro/themes/hervin/project10.html]
[clapat.ro/themes/hervin/images/projects/kt01.jpg]
[clapat.ro/themes/hervin/images/projects/kt02.jpg]
[clapat.ro/themes/hervin/images/projects/kt03.jpg]
[clapat.ro/themes/hervin/images/projects/kt04.jpg]
[clapat.ro/themes/hervin/images/projects/kt07.jpg]
[clapat.ro/themes/hervin/project11.html]
[clapat.ro/themes/hervin/images/rotate.png]
[clapat.ro/themes/hervin/style.css]
[clapat.ro/themes/hervin/fonts/fontawesome-webfont78ce.eot]
[clapat.ro/themes/hervin/fonts/fontawesome-webfontd41d.eot]
[clapat.ro/themes/hervin/fonts/fontawesome-webfont78ce.woff]
[clapat.ro/themes/hervin/fonts/fontawesome-webfont78ce.ttf]
[clapat.ro/themes/hervin/css/font-awesome.min.css]
[clapat.ro/themes/hervin/images/projects/fh12.html]
[clapat.ro/themes/hervin/images/projects/fh13.html]
[clapat.ro/themes/hervin/css/showcase.css]
[clapat.ro/themes/hervin/css/portfolio.css]
[clapat.ro/themes/hervin/css/shortcodes.css]
[clapat.ro/themes/hervin/css/assets.css]
[clapat.ro/themes/hervin/fonts/fontawesome-webfont78ce.svg]
[clapat.ro/themes/hervin/css/owl.video.play.html]
